  × Failed to build `deepspeed==0.12.4`
  ├─▶ The build backend returned an error
  ╰─▶ Call to `setuptools.build_meta:__legacy__.build_wheel` failed (exit
      code: 1)

      [stdout]
      [WARNING] Unable to import torch, pre-compiling ops will be disabled.
      Please visit https://pytorch.org/ to see how to properly install torch
      on your system.
       [WARNING]  unable to import torch, please install it if you want to
      pre-compile any deepspeed ops.
      DS_BUILD_OPS=1

      [stderr]
      Traceback (most recent call last):
        File "<string>", line 14, in <module>
        File
      "C:\Users\otero\AppData\Local\uv\cache\builds-v0\.tmp7ujDW1\Lib\site-packages\setuptools\build_meta.py",
      line 333, in get_requires_for_build_wheel
          return self._get_build_requires(config_settings, requirements=[])
                 ^^^^^^^^^^^^^^^^^^^^^^^^^^^^^^^^^^^^^^^^^^^^^^^^^^^^^^^^^^
        File
      "C:\Users\otero\AppData\Local\uv\cache\builds-v0\.tmp7ujDW1\Lib\site-packages\setuptools\build_meta.py",
      line 301, in _get_build_requires
          self.run_setup()
        File
      "C:\Users\otero\AppData\Local\uv\cache\builds-v0\.tmp7ujDW1\Lib\site-packages\setuptools\build_meta.py",
      line 520, in run_setup
          super().run_setup(setup_script=setup_script)
        File
      "C:\Users\otero\AppData\Local\uv\cache\builds-v0\.tmp7ujDW1\Lib\site-packages\setuptools\build_meta.py",
      line 317, in run_setup
          exec(code, locals())  # noqa: S102 # exec is intentional here
          ^^^^^^^^^^^^^^^^^^^^
        File "<string>", line 147, in <module>
      AssertionError: Unable to pre-compile ops without torch installed.
      Please install torch before attempting to pre-compile ops.

      hint: This usually indicates a problem with the package or the build
      environment.
  help: `deepspeed` (v0.12.4) was included because `resemble-enhance` (v0.0.1)
        depends on `deepspeed==0.12.4`
